{
  "data": {
    "samples": {
      "items": [
        {
          "psf1": {
            "items": [
              {
                "email": "b@a.com"
              }
            ]
          },
          "psf2": {
            "items": [
              {
                "email": "b@a.com"
              }
            ]
          },
          "psf3": {
            "items": [
              {
                "email": "a@a.com"
              },
              {
                "email": "b@a.com"
              }
            ]
          },
          "psf4": {
            "items": [
              {
                "email": "a@a.com"
              },
              {
                "email": "b@a.com"
              }
            ]
          },
          "psf5": {
            "items": [
              {
                "email": "a@a.com"
              },
              {
                "email": "b@a.com"
              }
            ]
          },
          "relatedsf": [
            {
              "email": "a@a.com"
            },
            {
              "email": "b@a.com"
            }
          ],
          "relatedp": {
            "items": [
              {
                "email": "a@a.com"
              },
              {
                "email": "b@a.com"
              }
            ]
          }
        }
      ]
    }
  }
}
