{
  "errors": [
    {
      "message": "The field of type HotChocolate.Optional`1[System.String] must be a string, array or ICollection type for validation attribute MaxLengthAttribute",
      "locations": [
        {
          "line": 1,
          "column": 3
        }
      ],
      "path": [
        "invalidRecordExt",
        "obj"
      ],
      "extensions": {
        "code": "DAMV-400",
        "field": "invalidRecordExt",
        "type": "Query",
        "specifiedBy": "https://spec.graphql.org/June2018/#sec-Values-of-Correct-Type"
      }
    }
  ],
  "data": null
}
