{
  "errors": [
    {
      "message": "The argument `obj` is required.",
      "locations": [
        {
          "line": 1,
          "column": 17
        }
      ],
      "extensions": {
        "type": "Query",
        "field": "sampleNonNull",
        "argument": "obj",
        "specifiedBy": "http://spec.graphql.org/October2021/#sec-Required-Arguments"
      }
    }
  ]
}
