{
  "errors": [
    {
      "message": "The field `setSampleRecordInline` does not exist on the type `Mutation`.",
      "locations": [
        {
          "line": 1,
          "column": 12
        }
      ],
      "extensions": {
        "type": "Mutation",
        "field": "setSampleRecordInline",
        "responseName": "setSampleRecordInline",
        "specifiedBy": "https://spec.graphql.org/October2021/#sec-Field-Selections-on-Objects-Interfaces-and-Unions-Types"
      }
    }
  ]
}
