{
  "errors": [
    {
      "message": "The field txt must be a string or array type with a minimum length of '5'.",
      "path": [
        "setText",
        "txt"
      ],
      "extensions": {
        "code": "DAMV-400",
        "field": "setText",
        "type": "Mutation",
        "specifiedBy": "http://spec.graphql.org/June2018/#sec-Values-of-Correct-Type"
      }
    }
  ],
  "data": {
    "setText": null
  }
}
