{
  "errors": [
    {
      "message": "At least one field must contain data",
      "locations": [
        {
          "line": 1,
          "column": 12
        }
      ],
      "path": [
        "setSampleRecordWithTopLevelValidationAttribute",
        "obj"
      ],
      "extensions": {
        "code": "DAMV-400",
        "field": "setSampleRecordWithTopLevelValidationAttribute",
        "type": "Mutation",
        "specifiedBy": "https://spec.graphql.org/June2018/#sec-Values-of-Correct-Type"
      }
    }
  ],
  "data": {
    "setSampleRecordWithTopLevelValidationAttribute": null
  }
}
