{
  "errors": [
    {
      "message": "The Email field is not a valid e-mail address.",
      "locations": [
        {
          "line": 1,
          "column": 3
        }
      ],
      "path": [
        "sampleWithService",
        "obj",
        "email"
      ],
      "extensions": {
        "code": "DAMV-400",
        "field": "sampleWithService",
        "type": "Query",
        "specifiedBy": "https://spec.graphql.org/June2018/#sec-Values-of-Correct-Type"
      }
    }
  ],
  "data": {
    "sampleWithService": null
  }
}
